0 verbose cli /Users/serhatcamici/.nvm/versions/node/v22.21.1/bin/node /Users/serhatcamici/.nvm/versions/node/v22.21.1/bin/npm
1 info using npm@10.9.4
2 info using node@v22.21.1
3 silly config load:file:/Users/serhatcamici/.nvm/versions/node/v22.21.1/lib/node_modules/npm/npmrc
4 silly config load:file:/Users/serhatcamici/dev/octupost-stack/docs/.npmrc
5 silly config load:file:/Users/serhatcamici/.npmrc
6 silly config load:file:/Users/serhatcamici/.nvm/versions/node/v22.21.1/etc/npmrc
7 verbose title npm install
8 verbose argv "install" "--loglevel" "verbose"
9 verbose logfile logs-max:10 dir:/Users/serhatcamici/dev/octupost-stack/.npm-cache/_logs/2025-12-06T22_54_26_050Z-
10 verbose logfile /Users/serhatcamici/dev/octupost-stack/.npm-cache/_logs/2025-12-06T22_54_26_050Z-debug-0.log
11 silly logfile done cleaning log files
12 verbose stack Error: EPERM: operation not permitted, open '/Users/serhatcamici/.nvm/versions/node/v22.21.1/lib/node_modules/npm/node_modules/sigstore/node_modules/@sigstore/verify/dist/key/index.js'
12 verbose stack     at Object.readFileSync (node:fs:441:20)
12 verbose stack     at defaultLoadImpl (node:internal/modules/cjs/loader:1105:17)
12 verbose stack     at loadSource (node:internal/modules/cjs/loader:1733:20)
12 verbose stack     at Object..js (node:internal/modules/cjs/loader:1832:44)
12 verbose stack     at Module.load (node:internal/modules/cjs/loader:1441:32)
12 verbose stack     at Function._load (node:internal/modules/cjs/loader:1263:12)
12 verbose stack     at TracingChannel.traceSync (node:diagnostics_channel:328:14)
12 verbose stack     at wrapModuleLoad (node:internal/modules/cjs/loader:237:24)
12 verbose stack     at Module.require (node:internal/modules/cjs/loader:1463:12)
12 verbose stack     at require (node:internal/modules/helpers:147:16)
13 error code EPERM
14 error syscall open
15 error path /Users/serhatcamici/.nvm/versions/node/v22.21.1/lib/node_modules/npm/node_modules/sigstore/node_modules/@sigstore/verify/dist/key/index.js
16 error errno -1
17 error Error: EPERM: operation not permitted, open '/Users/serhatcamici/.nvm/versions/node/v22.21.1/lib/node_modules/npm/node_modules/sigstore/node_modules/@sigstore/verify/dist/key/index.js'
17 error     at Object.readFileSync (node:fs:441:20)
17 error     at defaultLoadImpl (node:internal/modules/cjs/loader:1105:17)
17 error     at loadSource (node:internal/modules/cjs/loader:1733:20)
17 error     at Object..js (node:internal/modules/cjs/loader:1832:44)
17 error     at Module.load (node:internal/modules/cjs/loader:1441:32)
17 error     at Function._load (node:internal/modules/cjs/loader:1263:12)
17 error     at TracingChannel.traceSync (node:diagnostics_channel:328:14)
17 error     at wrapModuleLoad (node:internal/modules/cjs/loader:237:24)
17 error     at Module.require (node:internal/modules/cjs/loader:1463:12)
17 error     at require (node:internal/modules/helpers:147:16) {
17 error   errno: -1,
17 error   code: 'EPERM',
17 error   syscall: 'open',
17 error   path: '/Users/serhatcamici/.nvm/versions/node/v22.21.1/lib/node_modules/npm/node_modules/sigstore/node_modules/@sigstore/verify/dist/key/index.js'
17 error }
18 error
18 error The operation was rejected by your operating system.
18 error It is likely you do not have the permissions to access this file as the current user
18 error
18 error If you believe this might be a permissions issue, please double-check the
18 error permissions of the file and its containing directories, or try running
18 error the command again as root/Administrator.
19 verbose cwd /Users/serhatcamici/dev/octupost-stack/docs
20 verbose os Darwin 25.1.0
21 verbose node v22.21.1
22 verbose npm  v10.9.4
23 verbose exit -1
24 verbose code -1
25 error A complete log of this run can be found in: /Users/serhatcamici/dev/octupost-stack/.npm-cache/_logs/2025-12-06T22_54_26_050Z-debug-0.log
